Test_Call:
  <CallExpr a.adb:17:12-17:42> = F1 (1, 2, 3)
  <CallExpr a.adb:18:12-18:24> = F1 (1, 2, 3)
  <CallExpr a.adb:19:12-19:36> = F1 (1, 2, 3)
  <Id "F1" a.adb:20:12-20:14> = F1 (1, 1, 3)
  <CallExpr a.adb:21:12-21:30> = F1 (1, 2, 3)
  <CallExpr a.adb:22:12-22:18> = F1 (1, 1, 3)
  <CallExpr a.adb:23:12-23:24> = F1 (1, 2, 3)
  <CallExpr a.adb:25:12-25:24> = F2 (1, 2, 3, 4)
  <Id "F2" a.adb:26:12-26:14> = F2 (1, 2, 4, 4)
Test_Deref:
  <ExplicitDeref a.adb:35:12-35:21> = X_Ptr.all
Test_Field:
  <DottedName a.adb:56:12-56:16> = R1.X
  <DottedName a.adb:57:12-57:16> = R1.Y
  <DottedName a.adb:58:12-58:18> = R2.R.X
  <DottedName a.adb:59:12-59:18> = R2.R.Y
  <DottedName a.adb:60:12-60:16> = R2.Z
  <DottedName a.adb:61:12-61:15> = F ().X
  <DottedName a.adb:62:12-62:15> = F ().Y
  <DottedName a.adb:63:12-63:24> = F (1, 2).R.X
  <DottedName a.adb:64:12-64:24> = F (1, 2).R.Y
  <DottedName a.adb:65:12-65:22> = F (1, 2).Z
Test_Implicit_Deref_Field:
  <DottedName a.adb:83:12-83:43> = R.Next.all.Prev.all.Next.all.Next.all.Value
Test_Array_Index:
  <CallExpr a.adb:120:12-120:24> = Integer (42)
  <CallExpr a.adb:122:12-122:20> = Arr1 [8]
  <CallExpr a.adb:123:12-123:24> = Arr2 [8, 12]
  <DottedName a.adb:124:12-124:22> = Arr4.all [7].X
  <CallExpr a.adb:125:12-125:25> = Arr5.all.FArr [8]
  <CallExpr a.adb:127:15-127:28> = Arr1 [1 .. 5]
  <CallExpr a.adb:128:15-128:30> = Arr1 [SmallInt no range]
  <CallExpr a.adb:129:15-129:42> = Arr1 [Integer range 1 .. 5]
  <CallExpr a.adb:130:15-130:36> = Arr1 [Type(SmallInt)'Range]
  <CallExpr a.adb:131:15-131:32> = Arr1 [Array(Arr6)'Range]
  <CallExpr a.adb:132:15-132:35> = Arr1 [Array(Arr2)'Range(1)]
  <CallExpr a.adb:134:12-134:27> = Arr6 [3 .. 5] [3]
  <CallExpr a.adb:136:12-136:32> = Arr7 [2 .. 4] [3].all [10]
