Test_Call:
  <CallExpr a.adb:17:12-17:42> = F1 (1, 2, 3)
  <CallExpr a.adb:18:12-18:24> = F1 (1, 2, 3)
  <CallExpr a.adb:19:12-19:36> = F1 (1, 2, 3)
  <Id "F1" a.adb:20:12-20:14> = F1 (1, 1, 3)
  <CallExpr a.adb:21:12-21:21> = F1 (1, 2, 3)
  <CallExpr a.adb:22:12-22:18> = F1 (1, 1, 3)
  <CallExpr a.adb:23:12-23:24> = F1 (1, 2, 3)
  <CallExpr a.adb:25:12-25:24> = F2 (1, 2, 3, 4)
  <Id "F2" a.adb:26:12-26:14> = F2 (1, 2, 4, 4)
Test_Deref:
  <ExplicitDeref a.adb:35:12-35:21> = X_Ptr.all
Test_Field:
  <DottedName a.adb:56:12-56:16> = R1.X
  <DottedName a.adb:57:12-57:16> = R1.Y
  <DottedName a.adb:58:12-58:18> = R2.R.X
  <DottedName a.adb:59:12-59:18> = R2.R.Y
  <DottedName a.adb:60:12-60:16> = R2.Z
  <DottedName a.adb:61:12-61:15> = F ().X
  <DottedName a.adb:62:12-62:15> = F ().Y
  <DottedName a.adb:63:12-63:24> = F (1, 2).R.X
  <DottedName a.adb:64:12-64:24> = F (1, 2).R.Y
  <DottedName a.adb:65:12-65:22> = F (1, 2).Z
